// Jest Snapshot v1, https://goo.gl/fbAQLP

exports[`User api/user/create create user 1`] = `
Object {
  "__v": 0,
  "_id": "[SANITIZED]",
  "airdropTokens": 0,
  "balance": 0,
  "bio": "",
  "blocked": Array [],
  "blockedBy": Array [],
  "cashedOut": 0,
  "confirmCode": "[SANITIZED]",
  "confirmed": false,
  "createdAt": "[SANITIZED]",
  "desktopSubscriptions": Array [],
  "deviceTokens": Array [],
  "email": "alice@alice.com",
  "ethAddress": Array [],
  "handle": "Alice",
  "id": "[SANITIZED]",
  "image": "https://hips.hearstapps.com/elleuk.cdnds.net/15/37/2048x2730/2048x2730-e6-8278-458c32fb7c74-assets-elleuk-com-gallery-17063-taylor-swift-hairstyle-bob-getty-gallery-01-jpg.jpg",
  "investmentCount": 0,
  "lastFeedNotification": 1970-01-01T00:00:00.000Z,
  "lastVote": "[SANITIZED]",
  "legacyAirdrop": 0,
  "legacyTokens": 0,
  "lockedTokens": 0,
  "messages": 0,
  "name": "Alice",
  "notificationSettings": Object {
    "bet": Object {
      "manual": false,
    },
    "desktop": Object {
      "all": false,
    },
    "email": Object {
      "digest": true,
      "general": false,
      "personal": true,
    },
    "mobile": Object {
      "all": false,
    },
  },
  "onboarding": 0,
  "online": false,
  "postCount": 0,
  "profile": Object {
    "name": "Alice",
    "role": "user",
  },
  "provider": "local",
  "referralTokens": 0,
  "relevance": null,
  "role": "user",
  "token": Object {
    "_id": "[SANITIZED]",
    "role": "user",
  },
  "tokenBalance": 0,
  "topTopics": Array [],
  "updatedAt": "[SANITIZED]",
  "votePower": 1,
  "webOnboard": Object {
    "onboarding": false,
  },
}
`;
