// Jest Snapshot v1, https://goo.gl/fbAQLP

exports[`Snapshot Activity Web 1`] = `
.c0 {
  color: #0000ff;
}

<div
  className="css-view-1dbjc4n"
  style={
    Object {
      "display": "flex",
      "maxWidth": "60rem",
      "position": "relative",
    }
  }
>
  <div
    className="css-view-1dbjc4n"
    style={
      Object {
        "WebkitAlignItems": "center",
        "WebkitBoxAlign": "center",
        "WebkitBoxDirection": "normal",
        "WebkitBoxOrient": "horizontal",
        "WebkitBoxPack": "justify",
        "WebkitFlexDirection": "row",
        "WebkitJustifyContent": "space-between",
        "alignItems": "center",
        "display": "flex",
        "flexDirection": "row",
        "justifyContent": "space-between",
        "marginBottom": "0rem",
        "marginLeft": "2rem",
        "marginRight": "2rem",
        "marginTop": "2rem",
        "msFlexAlign": "center",
        "msFlexDirection": "row",
        "msFlexPack": "justify",
        "position": "relative",
      }
    }
  >
    <div
      className="css-view-1dbjc4n"
      style={
        Object {
          "WebkitAlignItems": "center",
          "WebkitBoxAlign": "center",
          "WebkitBoxDirection": "normal",
          "WebkitBoxFlex": 1,
          "WebkitBoxOrient": "horizontal",
          "WebkitFlexBasis": "0px",
          "WebkitFlexDirection": "row",
          "WebkitFlexGrow": 1,
          "WebkitFlexShrink": 1,
          "alignItems": "center",
          "display": "flex",
          "flexBasis": "0px",
          "flexDirection": "row",
          "flexGrow": 1,
          "flexShrink": 1,
          "msFlexAlign": "center",
          "msFlexDirection": "row",
          "msFlexNegative": 1,
          "msFlexPositive": 1,
          "msFlexPreferredSize": "0px",
          "position": "relative",
        }
      }
    >
      <div
        className="css-view-1dbjc4n"
        style={
          Object {
            "WebkitAlignSelf": "flex-start",
            "alignSelf": "flex-start",
            "display": "flex",
            "marginRight": "0.75rem",
            "msFlexItemAlign": "start",
            "position": "relative",
          }
        }
      >
        <div
          className="css-view-1dbjc4n"
          style={
            Object {
              "display": "flex",
              "position": "relative",
            }
          }
        >
          <a
            className="c0 ulink-mock"
            href="/user/profile/bob"
            hu={0}
            inline={0}
            onClick={[Function]}
            styles=""
          >
            <div
              className="css-view-1dbjc4n"
              style={
                Object {
                  "WebkitFlexBasis": "auto",
                  "borderBottomLeftRadius": "1rem",
                  "borderBottomRightRadius": "1rem",
                  "borderTopLeftRadius": "1rem",
                  "borderTopRightRadius": "1rem",
                  "display": "flex",
                  "flexBasis": "auto",
                  "height": "2rem",
                  "msFlexPreferredSize": "auto",
                  "overflowX": "hidden",
                  "overflowY": "hidden",
                  "position": "relative",
                  "width": "2rem",
                  "zIndex": 0,
                }
              }
            >
              <div
                className="css-view-1dbjc4n"
                style={
                  Object {
                    "backgroundColor": "rgba(0,0,0,0.00)",
                    "backgroundImage": "url(\\"https://yt3.ggpht.com/a/AGF-l7_IPKJORqk1Wo7AR4jMhW15Ma-za_QDlRxMcQ=s900-c-k-c0xffffffff-no-rj-mo\\")",
                    "backgroundPosition": "center",
                    "backgroundRepeat": "no-repeat",
                    "backgroundSize": "cover",
                    "bottom": "0px",
                    "height": "100%",
                    "left": "0px",
                    "position": "absolute",
                    "right": "0px",
                    "top": "0px",
                    "width": "100%",
                    "zIndex": -1,
                  }
                }
              />
              <img
                alt=""
                className="css-accessibilityImage-9pa8cd"
                draggable={false}
                src="https://yt3.ggpht.com/a/AGF-l7_IPKJORqk1Wo7AR4jMhW15Ma-za_QDlRxMcQ=s900-c-k-c0xffffffff-no-rj-mo"
              />
            </div>
          </a>
        </div>
      </div>
      <div
        className="css-view-1dbjc4n"
        style={
          Object {
            "WebkitAlignItems": "baseline",
            "WebkitBoxAlign": "baseline",
            "WebkitBoxDirection": "normal",
            "WebkitBoxFlex": 1,
            "WebkitBoxOrient": "vertical",
            "WebkitFlexBasis": "0px",
            "WebkitFlexDirection": "column",
            "WebkitFlexGrow": 1,
            "WebkitFlexShrink": 1,
            "alignItems": "baseline",
            "display": "flex",
            "flexBasis": "0px",
            "flexDirection": "column",
            "flexGrow": 1,
            "flexShrink": 1,
            "msFlexAlign": "baseline",
            "msFlexDirection": "column",
            "msFlexNegative": 1,
            "msFlexPositive": 1,
            "msFlexPreferredSize": "0px",
            "position": "relative",
          }
        }
      >
        <div
          className="css-view-1dbjc4n"
          style={
            Object {
              "WebkitBoxDirection": "normal",
              "WebkitBoxLines": "multiple",
              "WebkitBoxOrient": "horizontal",
              "WebkitBoxPack": "start",
              "WebkitFlexDirection": "row",
              "WebkitFlexWrap": "wrap",
              "WebkitJustifyContent": "flex-start",
              "display": "flex",
              "flexDirection": "row",
              "flexWrap": "wrap",
              "justifyContent": "flex-start",
              "msFlexDirection": "row",
              "msFlexPack": "start",
              "msFlexWrap": "wrap",
              "position": "relative",
            }
          }
        >
          <div
            className="css-view-1dbjc4n"
            style={
              Object {
                "marginRight": "0.375rem",
              }
            }
          >
            <a
              className="c0 ulink-mock"
              href="/user/profile/bob"
              hu={0}
              inline={1}
              onClick={[Function]}
              styles=""
            >
              <div
                className="css-text-901oao"
                dir="auto"
                style={
                  Object {
                    "WebkitTextDecorationColor": "rgba(0,0,255,1.00)",
                    "color": "rgba(0,0,255,1.00)",
                    "fontFamily": "HelveticaNeue",
                    "fontSize": "0.875rem",
                    "lineHeight": "1.2249999999999999rem",
                    "textDecorationColor": "rgba(0,0,255,1.00)",
                  }
                }
              >
                @
                bob
              </div>
            </a>
          </div>
          <div
            className="css-text-901oao"
            dir="auto"
            style={
              Object {
                "color": "rgba(0,0,0,1.00)",
                "fontFamily": "HelveticaNeue",
                "fontSize": "0.875rem",
                "lineHeight": "1.2249999999999999rem",
              }
            }
          >
            upvoted your comment
          </div>
          <div
            className="css-text-901oao"
            dir="auto"
            style={
              Object {
                "color": "rgba(0,0,0,1.00)",
                "fontFamily": "HelveticaNeue",
                "fontSize": "0.875rem",
                "lineHeight": "1.2249999999999999rem",
              }
            }
          >
             → 
          </div>
          <div
            className="css-text-901oao"
            dir="auto"
            style={
              Object {
                "color": "rgba(0,0,0,1.00)",
                "fontFamily": "HelveticaNeue",
                "fontSize": "0.875rem",
                "lineHeight": "1.2249999999999999rem",
              }
            }
          >
            <span
              className="css-text-901oao css-textHasAncestor-16my406"
              dir="auto"
              style={
                Object {
                  "color": "rgba(0,0,0,1.00)",
                  "fontFamily": "HelveticaNeue",
                  "fontSize": "0.875rem",
                  "lineHeight": "1.2249999999999999rem",
                }
              }
            >
              your reputation increased by 
              <span
                className="css-text-901oao css-textHasAncestor-16my406"
                dir="auto"
                style={
                  Object {
                    "WebkitTextDecorationColor": "rgba(126,211,33,1.00)",
                    "color": "rgba(126,211,33,1.00)",
                    "position": "relative",
                    "textDecorationColor": "rgba(126,211,33,1.00)",
                  }
                }
              >
                ▲
              </span>
               
              10%
            </span>
          </div>
        </div>
        <div
          className="css-view-1dbjc4n"
          style={
            Object {
              "display": "flex",
              "position": "relative",
            }
          }
        />
      </div>
    </div>
    <div
      className="css-text-901oao"
      dir="auto"
      style={
        Object {
          "color": "rgba(128,128,128,1.00)",
          "fontFamily": "HelveticaNeue",
          "fontSize": "0.75rem",
          "lineHeight": "1rem",
        }
      }
    >
      A Few Seconds Ago
    </div>
  </div>
  <div
    className="css-view-1dbjc4n"
    style={
      Object {
        "display": "flex",
        "marginLeft": "3rem",
        "position": "relative",
      }
    }
  >
    <a
      className="c0 ulink-mock"
      href="/undefined/post/000000000000000000000003"
      hu={0}
      inline={0}
      onClick={[Function]}
      styles=""
    >
      <div
        className="css-view-1dbjc4n"
        style={
          Object {
            "display": "flex",
            "marginBottom": "0rem",
            "marginLeft": "2rem",
            "marginRight": "2rem",
            "marginTop": "0rem",
            "position": "relative",
          }
        }
      >
        <div
          className="css-text-901oao"
          dir="auto"
          style={
            Object {
              "display": "flex",
              "position": "relative",
            }
          }
        />
      </div>
    </a>
  </div>
  <div
    className="css-view-1dbjc4n"
    style={
      Object {
        "borderBottomColor": "rgba(222,222,222,1.00)",
        "borderBottomStyle": "solid",
        "borderBottomWidth": "1px",
        "borderLeftStyle": "solid",
        "borderRightStyle": "solid",
        "borderTopStyle": "solid",
        "marginBottom": "0rem",
        "marginLeft": "0rem",
        "marginRight": "0rem",
        "marginTop": "1rem",
      }
    }
  />
</div>
`;
