// Jest Snapshot v1, https://goo.gl/fbAQLP

exports[`Snapshot Activity Web 1`] = `
<div
  className="activityItem"
>
  <div>
    <div
      className="activityInner"
    >
      <div
        className="topRow"
      >
        <a
          href="/user/profile/handle2"
          onClick={[Function]}
        >
          <span
            className="avatar leftImage"
            style={
              Object {
                "backgroundImage": "url(userImage2.jpg)",
              }
            }
          />
        </a>
        <span
          className="activityText"
        >
          <a
            href="/user/profile/handle2"
            onClick={[Function]}
          >
            Name2
             
          </a>
          upvoted your comment â†’ your relevance increased by 10
        </span>
        <div
          className="stat green"
        >
          <img
            src="/img/rup.png"
          />
          <div>
            10
          </div>
        </div>
      </div>
      <div
        style={
          Object {
            "WebkitAlignItems": "stretch",
            "WebkitBoxAlign": "stretch",
            "WebkitBoxDirection": "normal",
            "WebkitBoxOrient": "horizontal",
            "WebkitFlexBasis": "auto",
            "WebkitFlexDirection": "row",
            "WebkitFlexShrink": 0,
            "alignItems": "stretch",
            "borderBottomStyle": "solid",
            "borderBottomWidth": "0px",
            "borderLeftStyle": "solid",
            "borderLeftWidth": "0px",
            "borderRightStyle": "solid",
            "borderRightWidth": "0px",
            "borderTopStyle": "solid",
            "borderTopWidth": "0px",
            "boxSizing": "border-box",
            "display": "flex",
            "flexBasis": "auto",
            "flexDirection": "row",
            "flexShrink": 0,
            "marginBottom": "0px",
            "marginLeft": "0px",
            "marginRight": "0px",
            "marginTop": "0px",
            "minHeight": "0px",
            "minWidth": "0px",
            "msFlexAlign": "stretch",
            "msFlexDirection": "row",
            "msFlexNegative": 0,
            "msFlexPreferredSize": "auto",
            "paddingBottom": "0px",
            "paddingLeft": "0px",
            "paddingRight": "0px",
            "paddingTop": "0px",
            "position": "relative",
            "zIndex": 0,
          }
        }
      >
        <a
          className=""
          target="_blank"
        >
          <div
            style={
              Object {
                "WebkitAlignItems": "stretch",
                "WebkitBoxAlign": "stretch",
                "WebkitBoxDirection": "normal",
                "WebkitBoxFlex": 1,
                "WebkitBoxOrient": "vertical",
                "WebkitFlexBasis": "0px",
                "WebkitFlexDirection": "column",
                "WebkitFlexGrow": 1,
                "WebkitFlexShrink": 1,
                "alignItems": "stretch",
                "borderBottomStyle": "solid",
                "borderBottomWidth": "0px",
                "borderLeftStyle": "solid",
                "borderLeftWidth": "0px",
                "borderRightStyle": "solid",
                "borderRightWidth": "0px",
                "borderTopStyle": "solid",
                "borderTopWidth": "0px",
                "boxSizing": "border-box",
                "display": "flex",
                "flexBasis": "0px",
                "flexDirection": "column",
                "flexGrow": 1,
                "flexShrink": 1,
                "height": "72px",
                "marginBottom": "0px",
                "marginLeft": "0px",
                "marginRight": "14.4px",
                "marginTop": "0px",
                "minHeight": "0px",
                "minWidth": "0px",
                "msFlexAlign": "stretch",
                "msFlexDirection": "column",
                "msFlexNegative": 1,
                "msFlexPositive": 1,
                "msFlexPreferredSize": "0px",
                "paddingBottom": "0px",
                "paddingLeft": "0px",
                "paddingRight": "0px",
                "paddingTop": "0px",
                "position": "relative",
                "width": "144px",
                "zIndex": 0,
              }
            }
          >
            <div
              style={
                Object {
                  "WebkitAlignItems": "stretch",
                  "WebkitBoxAlign": "stretch",
                  "WebkitBoxDirection": "normal",
                  "WebkitBoxFlex": 1,
                  "WebkitBoxOrient": "vertical",
                  "WebkitFlexBasis": "0%",
                  "WebkitFlexDirection": "column",
                  "WebkitFlexGrow": 1,
                  "WebkitFlexShrink": 1,
                  "alignItems": "stretch",
                  "backgroundImage": "linear-gradient(3.682012153860377rad,hsla(180, 100%, 50%, 1),hsla(210,      100%, 50%, 1),hsla(240, 100%, 50%, 1))",
                  "borderBottomStyle": "solid",
                  "borderBottomWidth": "0px",
                  "borderLeftStyle": "solid",
                  "borderLeftWidth": "0px",
                  "borderRightStyle": "solid",
                  "borderRightWidth": "0px",
                  "borderTopStyle": "solid",
                  "borderTopWidth": "0px",
                  "boxSizing": "border-box",
                  "display": "flex",
                  "flexBasis": "0%",
                  "flexDirection": "column",
                  "flexGrow": 1,
                  "flexShrink": 1,
                  "marginBottom": "0px",
                  "marginLeft": "0px",
                  "marginRight": "0px",
                  "marginTop": "0px",
                  "minHeight": "0px",
                  "minWidth": "0px",
                  "msFlexAlign": "stretch",
                  "msFlexDirection": "column",
                  "msFlexNegative": 1,
                  "msFlexPositive": 1,
                  "msFlexPreferredSize": "0%",
                  "paddingBottom": "0px",
                  "paddingLeft": "0px",
                  "paddingRight": "0px",
                  "paddingTop": "0px",
                  "position": "relative",
                  "zIndex": 0,
                }
              }
            />
          </div>
        </a>
        <div
          style={
            Object {
              "WebkitAlignItems": "stretch",
              "WebkitBoxAlign": "stretch",
              "WebkitBoxDirection": "normal",
              "WebkitBoxFlex": 1,
              "WebkitBoxOrient": "vertical",
              "WebkitFlexBasis": "0px",
              "WebkitFlexDirection": "column",
              "WebkitFlexGrow": 1,
              "WebkitFlexShrink": 1,
              "alignItems": "stretch",
              "borderBottomStyle": "solid",
              "borderBottomWidth": "0px",
              "borderLeftStyle": "solid",
              "borderLeftWidth": "0px",
              "borderRightStyle": "solid",
              "borderRightWidth": "0px",
              "borderTopStyle": "solid",
              "borderTopWidth": "0px",
              "boxSizing": "border-box",
              "display": "flex",
              "flexBasis": "0px",
              "flexDirection": "column",
              "flexGrow": 1,
              "flexShrink": 1,
              "marginBottom": "0px",
              "marginLeft": "0px",
              "marginRight": "0px",
              "marginTop": "0px",
              "minHeight": "0px",
              "minWidth": "0px",
              "msFlexAlign": "stretch",
              "msFlexDirection": "column",
              "msFlexNegative": 1,
              "msFlexPositive": 1,
              "msFlexPreferredSize": "0px",
              "paddingBottom": "0px",
              "paddingLeft": "0px",
              "paddingRight": "0px",
              "paddingTop": "0px",
              "position": "relative",
              "zIndex": 0,
            }
          }
        >
          <div
            dir="auto"
            flex={1}
            style={
              Object {
                "WebkitBoxFlex": 1,
                "WebkitFlexBasis": "0px",
                "WebkitFlexGrow": 1,
                "WebkitFlexShrink": 1,
                "borderBottomWidth": "0px",
                "borderLeftWidth": "0px",
                "borderRightWidth": "0px",
                "borderTopWidth": "0px",
                "boxSizing": "border-box",
                "color": "rgba(0,0,0,1.00)",
                "display": "flex",
                "flexBasis": "0px",
                "flexGrow": 1,
                "flexShrink": 1,
                "fontFamily": "HelveticaNeue-CondensedBold",
                "fontSize": "18px",
                "fontStyle": "inherit",
                "fontVariant": "inherit",
                "fontWeight": "inherit",
                "lineHeight": "24px",
                "marginBottom": "0px",
                "marginLeft": "0px",
                "marginRight": "0px",
                "marginTop": "0px",
                "msFlexNegative": 1,
                "msFlexPositive": 1,
                "msFlexPreferredSize": "0px",
                "paddingBottom": "0px",
                "paddingLeft": "0px",
                "paddingRight": "0px",
                "paddingTop": "0px",
                "position": "relative",
                "textDecoration": "none",
                "whiteSpace": "pre-wrap",
                "wordWrap": "break-word",
              }
            }
          >
            postTitle2
          </div>
          <div
            dir="auto"
            style={
              Object {
                "WebkitFlexBasis": "auto",
                "WebkitFlexShrink": 0,
                "borderBottomWidth": "0px",
                "borderLeftWidth": "0px",
                "borderRightWidth": "0px",
                "borderTopWidth": "0px",
                "boxSizing": "border-box",
                "color": "rgba(153,153,153,1.00)",
                "display": "flex",
                "flexBasis": "auto",
                "flexShrink": 0,
                "fontFamily": "HelveticaNeue",
                "fontSize": "10.8px",
                "fontStyle": "inherit",
                "fontVariant": "inherit",
                "fontWeight": "inherit",
                "lineHeight": "14.4px",
                "marginBottom": "0px",
                "marginLeft": "0px",
                "marginRight": "0px",
                "marginTop": "0px",
                "msFlexNegative": 0,
                "msFlexPreferredSize": "auto",
                "paddingBottom": "0px",
                "paddingLeft": "0px",
                "paddingRight": "0px",
                "paddingTop": "0px",
                "position": "relative",
                "textDecoration": "none",
                "whiteSpace": "pre-wrap",
                "wordWrap": "break-word",
              }
            }
          >
            <span
              dir="auto"
              style={
                Object {
                  "borderBottomWidth": "0px",
                  "borderLeftWidth": "0px",
                  "borderRightWidth": "0px",
                  "borderTopWidth": "0px",
                  "boxSizing": "border-box",
                  "color": "inherit",
                  "display": "inline",
                  "fontFamily": "inherit",
                  "fontSize": "inherit",
                  "fontStyle": "inherit",
                  "fontVariant": "inherit",
                  "fontWeight": "inherit",
                  "lineHeight": "inherit",
                  "marginBottom": "0px",
                  "marginLeft": "0px",
                  "marginRight": "0px",
                  "marginTop": "0px",
                  "paddingBottom": "0px",
                  "paddingLeft": "0px",
                  "paddingRight": "0px",
                  "paddingTop": "0px",
                  "textDecoration": "none",
                  "whiteSpace": "inherit",
                  "wordWrap": "break-word",
                }
              }
            >
              <span
                dir="auto"
                style={
                  Object {
                    "borderBottomWidth": "0px",
                    "borderLeftWidth": "0px",
                    "borderRightWidth": "0px",
                    "borderTopWidth": "0px",
                    "boxSizing": "border-box",
                    "color": "inherit",
                    "display": "inline",
                    "fontFamily": "inherit",
                    "fontSize": "inherit",
                    "fontStyle": "inherit",
                    "fontVariant": "inherit",
                    "fontWeight": "inherit",
                    "lineHeight": "inherit",
                    "marginBottom": "0px",
                    "marginLeft": "0px",
                    "marginRight": "0px",
                    "marginTop": "0px",
                    "paddingBottom": "0px",
                    "paddingLeft": "0px",
                    "paddingRight": "0px",
                    "paddingTop": "0px",
                    "textDecoration": "none",
                    "whiteSpace": "inherit",
                    "wordWrap": "break-word",
                  }
                }
              >
                <a
                  className=""
                  href="/undefined/top/tag21"
                  onClick={[Function]}
                  styles=""
                >
                  #
                  tag21
                   
                </a>
                <a
                  className=""
                  href="/undefined/top/tag22"
                  onClick={[Function]}
                  styles=""
                >
                  #
                  tag22
                   
                </a>
                <span
                  dir="auto"
                  style={
                    Object {
                      "borderBottomWidth": "0px",
                      "borderLeftWidth": "0px",
                      "borderRightWidth": "0px",
                      "borderTopWidth": "0px",
                      "boxSizing": "border-box",
                      "color": "inherit",
                      "display": "inline",
                      "fontFamily": "inherit",
                      "fontSize": "inherit",
                      "fontStyle": "inherit",
                      "fontVariant": "inherit",
                      "fontWeight": "inherit",
                      "lineHeight": "inherit",
                      "marginBottom": "0px",
                      "marginLeft": "0px",
                      "marginRight": "0px",
                      "marginTop": "0px",
                      "paddingBottom": "0px",
                      "paddingLeft": "0px",
                      "paddingRight": "0px",
                      "paddingTop": "0px",
                      "textDecoration": "none",
                      "whiteSpace": "inherit",
                      "wordWrap": "break-word",
                    }
                  }
                >
                  â€¢ 
                </span>
              </span>
            </span>
          </div>
        </div>
      </div>
    </div>
  </div>
  <div>
    <div
      className="time"
    >
      <div
        className="border"
      />
      <span>
        a few seconds ago
      </span>
    </div>
  </div>
</div>
`;
